2025-03-11 13:45:14,032 - INFO - Starting data type cleaning...
2025-03-11 13:45:16,210 - INFO - Checking missing values...
2025-03-11 13:45:16,306 - INFO - Checking for duplicates...
2025-03-11 13:45:21,221 - WARNING - Removed 1081 duplicates from credit data
2025-03-11 13:45:21,232 - INFO - Performing consistency validation...
2025-03-11 13:45:21,245 - INFO - Generating target distribution visualization...
2025-03-11 13:45:29,162 - INFO - Fraud data saved to E:\DS+ML\AIM3\Final\Data/cleaned_fraud.csv
2025-03-11 13:45:46,144 - INFO - Credit card data saved to E:\DS+ML\AIM3\Final\Data/cleaned_credit.csv
2025-03-11 13:45:46,434 - INFO - IP data saved to E:\DS+ML\AIM3\Final\Data/cleaned_ip.csv
2025-03-11 13:49:50,819 - INFO - Plotting distributions for fraud_data.
2025-03-11 13:50:10,932 - INFO - Successfully plotted fraud_data distributions.
2025-03-11 13:50:33,106 - INFO - Plotting distributions for creditcard_data.
2025-03-11 13:50:38,657 - INFO - Using categorical units to plot a list of strings that are all parsable as floats or dates. If these strings should be plotted as numbers, cast to the appropriate data type before plotting.
2025-03-11 13:50:39,106 - INFO - Using categorical units to plot a list of strings that are all parsable as floats or dates. If these strings should be plotted as numbers, cast to the appropriate data type before plotting.
2025-03-11 13:50:39,726 - INFO - Successfully plotted creditcard_data distributions.
2025-03-11 13:50:45,870 - INFO - Plotting distributions for creditcard_data.
2025-03-11 13:50:51,488 - INFO - Using categorical units to plot a list of strings that are all parsable as floats or dates. If these strings should be plotted as numbers, cast to the appropriate data type before plotting.
2025-03-11 13:50:51,896 - INFO - Using categorical units to plot a list of strings that are all parsable as floats or dates. If these strings should be plotted as numbers, cast to the appropriate data type before plotting.
2025-03-11 13:50:52,568 - INFO - Successfully plotted creditcard_data distributions.
2025-03-11 13:50:52,581 - INFO - Plotting relationships in fraud_data.
2025-03-11 13:51:09,526 - INFO - Successfully plotted fraud_data relationships.
2025-03-11 13:51:33,275 - INFO - Performing correlation analysis.
2025-03-11 13:51:45,961 - INFO - Successfully performed correlation analysis.
2025-03-11 13:52:14,157 - INFO - Mapping IP addresses to countries.
2025-03-11 13:55:12,561 - INFO - Successfully mapped IP addresses to countries.
2025-03-11 13:55:19,867 - INFO - Saving processed data to E:\DS+ML\AIM3\Final\Data/processed_fraud_data.csv.
2025-03-11 13:55:21,446 - INFO - Data successfully saved to E:\DS+ML\AIM3\Final\Data/processed_fraud_data.csv.
